🎯 Reproducing the duplicate detection issue...

Step 1: Login to http://localhost:3005/login
✅ Logged in successfully

Step 2: Navigate to http://localhost:3005/clients/new
Step 3: Click "For Existing Account" button
✅ Clicked "For Existing Account"

Step 4: Type "abelino" in the search box
✅ Typed "abelino" in search box

Step 5: Select abelino@factbites.com account
✅ Selected account: Abelino Silvaabelino@factbites.com

Step 6: Fill in client details
   Brand Name: AIApply
   Website: https://aiapply.co/
✅ Form filled

Step 7: Click "Create Client" button
✅ Clicked submit button

Step 8: Checking for error message...

========================================
🔴 ERROR MESSAGE REPRODUCED:
"A client with this website already exists: AIApply (https://aiapply.co/)"
========================================

✅ Successfully reproduced the issue!
The error confirms AIApply is blocked even for abelino@factbites.com account

📸 Screenshot saved as final-result.png

✅ Test complete. Browser remains open for inspection.
